esys/escript/datamanager.py
esys/escript/linearPDEs.py
esys/escript/pdetools.py
esys/escript/run_escript.py
esys/escript/symbolic.py
esys/escript/unitsSI.py
esys/escript/util.py
esys/escript/__init__.py
esys/escriptcore/benchmark.py
esys/escriptcore/datamanager.py
esys/escriptcore/domainCouplers.py
esys/escriptcore/heat.py
esys/escriptcore/linearPDEs.py
esys/escriptcore/nonlinearPDE.py
esys/escriptcore/pdetools.py
esys/escriptcore/start.py
esys/escriptcore/symbolic/evaluator.py
esys/escriptcore/symbolic/functions.py
esys/escriptcore/symbolic/pretty.py
esys/escriptcore/symbolic/symbol.py
esys/escriptcore/symbolic/symconstants.py
esys/escriptcore/symbolic/utils.py
esys/escriptcore/symbolic/__init__.py
esys/escriptcore/testing.py
esys/escriptcore/unitsSI.py
esys/escriptcore/utestselect.py
esys/escriptcore/util.py
esys/escriptcore/__init__.py
esys/finley/factorywrappers.py
esys/finley/readers.py
esys/finley/__init__.py
esys/ripley/MultiResolutionDomain.py
esys/ripley/__init__.py
esys/speckley/__init__.py
esys/weipa/__init__.py
esys/__init__.py
