esys/downunder/apps/dcModels.py
esys/downunder/apps/gravityModels.py
esys/downunder/apps/magneticModels.py
esys/downunder/apps/MTModels.py
esys/downunder/apps/seismicModels.py
esys/downunder/apps/__init__.py
esys/downunder/coordinates.py
esys/downunder/costfunctions.py
esys/downunder/datasources.py
esys/downunder/dcresistivityforwardmodeling.py
esys/downunder/domainbuilder.py
esys/downunder/forwardmodels/acoustic.py
esys/downunder/forwardmodels/base.py
esys/downunder/forwardmodels/dcresistivity.py
esys/downunder/forwardmodels/gravity.py
esys/downunder/forwardmodels/magnetic.py
esys/downunder/forwardmodels/magnetotelluric2d.py
esys/downunder/forwardmodels/pressure.py
esys/downunder/forwardmodels/subsidence.py
esys/downunder/forwardmodels/__init__.py
esys/downunder/inversioncostfunctions.py
esys/downunder/inversions.py
esys/downunder/magtel1d.py
esys/downunder/magtel2d.py
esys/downunder/mappings.py
esys/downunder/minimizers.py
esys/downunder/regularizations.py
esys/downunder/seismic.py
esys/downunder/splitinversioncostfunctions.py
esys/downunder/splitminimizers.py
esys/downunder/splitregularizations.py
esys/downunder/__init__.py
esys/dudley/factorywrappers.py
esys/dudley/readers.py
esys/dudley/__init__.py
esys/escript/datamanager.py
esys/escript/linearPDEs.py
esys/escript/modelframe.py
esys/escript/models.py
esys/escript/pdetools.py
esys/escript/run_escript.py
esys/escript/splitworld.py
esys/escript/symbolic.py
esys/escript/unitsSI.py
esys/escript/util.py
esys/escript/__init__.py
esys/escriptcore/benchmark.py
esys/escriptcore/datamanager.py
esys/escriptcore/domainCouplers.py
esys/escriptcore/faultsystems.py
esys/escriptcore/flows.py
esys/escriptcore/gmshrunner.py
esys/escriptcore/heat.py
esys/escriptcore/levelset.py
esys/escriptcore/linearPDEs.py
esys/escriptcore/modelframe.py
esys/escriptcore/models.py
esys/escriptcore/mountains.py
esys/escriptcore/nonlinearPDE.py
esys/escriptcore/pdetools.py
esys/escriptcore/rheologies.py
esys/escriptcore/runmodel.py
esys/escriptcore/splitworld.py
esys/escriptcore/start.py
esys/escriptcore/symbolic/evaluator.py
esys/escriptcore/symbolic/functions.py
esys/escriptcore/symbolic/pretty.py
esys/escriptcore/symbolic/symbol.py
esys/escriptcore/symbolic/symconstants.py
esys/escriptcore/symbolic/utils.py
esys/escriptcore/symbolic/__init__.py
esys/escriptcore/testing.py
esys/escriptcore/unitsSI.py
esys/escriptcore/utestselect.py
esys/escriptcore/util.py
esys/escriptcore/__init__.py
esys/finley/factorywrappers.py
esys/finley/readers.py
esys/finley/__init__.py
esys/modellib/flow.py
esys/modellib/geometry.py
esys/modellib/input.py
esys/modellib/materials.py
esys/modellib/mechanics.py
esys/modellib/probe.py
esys/modellib/temperature.py
esys/modellib/visualization.py
esys/modellib/__init__.py
esys/pycad/design.py
esys/pycad/extras.py
esys/pycad/gmsh.py
esys/pycad/primitives.py
esys/pycad/shapes.py
esys/pycad/transformations.py
esys/pycad/Triangle.py
esys/pycad/__init__.py
esys/ripley/MultiResolutionDomain.py
esys/ripley/__init__.py
esys/speckley/__init__.py
esys/weipa/__init__.py
esys/__init__.py
